type (_, _) eff_internal_effect += Eff : (unit, unit) eff_internal_effect

;;
let rec _f_45 _x_58 =
  match _x_58 = 0 with
  | true -> Value 1
  | false -> Call (Eff, (), fun (_y_65 : unit) -> _f_45 (_x_58 - 1))
in
let rec _f_68 _x_58 (_k_71 : int -> int) =
  match _x_58 = 0 with
  | true -> _k_71 1
  | false -> _f_68 (_x_58 - 1) (fun (_x_70 : int) -> _k_71 _x_70) * 2
in
_f_68 5 (fun (_id_54 : int) -> _id_54)

;;
let rec _g_77 _x_88 =
  match _x_88 = 0 with true -> 1 | false -> _g_77 (_x_88 - 1)
in
_g_77 5
